../Core/Src/uart.c:16:6:print_float	24	static
../Core/Src/uart.c:35:6:print_8b_binary_rep	24	static
../Core/Src/uart.c:59:6:print_16b_binary_rep	24	static
../Core/Src/uart.c:83:6:print_string	24	static
../Core/Src/uart.c:102:6:print_unsigned_decimal	40	static
../Core/Src/uart.c:126:6:ClearCursorUp	16	static
../Core/Src/uart.c:133:6:ClearScreen	16	static
../Core/Src/uart.c:139:6:ClearLine	16	static
../Core/Src/uart.c:146:6:CursorTopLeft	16	static
../Core/Src/uart.c:152:6:ResetTerminal	16	static
../Core/Src/uart.c:158:6:InsertLineFeed	24	static
../Core/Src/uart.c:169:6:InsertLineSeparator	0	static
../Core/Src/uart.c:173:6:ResetRxBuffer	0	static
../Core/Src/uart.c:243:6:IncrementConsumer	0	static
../Core/Src/uart.c:248:9:getNumber_u8	24	static
../Core/Src/uart.c:276:7:getNumber_float	8	static
../Core/Src/uart.c:301:6:MainMenu	32	static
../Core/Src/uart.c:180:6:HandleByte	16	static
